// Vitest Snapshot v1, https://vitest.dev/guide/snapshot.html

exports[`SyncService.fullSync > ingests the fixture Claude home into projects, sessions and the search index 1`] = `
{
  "projectRows": [
    {
      "canonicalPath": "/home/demo/dashboard",
      "name": "dashboard",
      "path": "/home/demo/dashboard",
      "sessionCount": 4,
      "source": "claude-code",
      "sourceProjectKey": "-home-demo-acme-dashboard",
      "storagePath": "<repo>/fixtures/claude-home/projects/-home-demo-acme-dashboard",
    },
    {
      "canonicalPath": "/home/demo/docs-site",
      "name": "docs-site",
      "path": "/home/demo/docs-site",
      "sessionCount": 2,
      "source": "claude-code",
      "sourceProjectKey": "-home-demo-docs-site",
      "storagePath": "<repo>/fixtures/claude-home/projects/-home-demo-docs-site",
    },
    {
      "canonicalPath": "/home/demo/etl-pipeline",
      "name": "etl-pipeline",
      "path": "/home/demo/etl-pipeline",
      "sessionCount": 3,
      "source": "claude-code",
      "sourceProjectKey": "-home-demo-etl-pipeline",
      "storagePath": "<repo>/fixtures/claude-home/projects/-home-demo-etl-pipeline",
    },
    {
      "canonicalPath": "/home/demo/lab",
      "name": "lab",
      "path": "/home/demo/lab",
      "sessionCount": 3,
      "source": "claude-code",
      "sourceProjectKey": "-home-demo-home-lab",
      "storagePath": "<repo>/fixtures/claude-home/projects/-home-demo-home-lab",
    },
    {
      "canonicalPath": "/home/demo/infra",
      "name": "infra",
      "path": "/home/demo/infra",
      "sessionCount": 2,
      "source": "claude-code",
      "sourceProjectKey": "-home-demo-infra",
      "storagePath": "<repo>/fixtures/claude-home/projects/-home-demo-infra",
    },
    {
      "canonicalPath": "/home/demo/mobile-app",
      "name": "mobile-app",
      "path": "/home/demo/mobile-app",
      "sessionCount": 3,
      "source": "claude-code",
      "sourceProjectKey": "-home-demo-mobile-app",
      "storagePath": "<repo>/fixtures/claude-home/projects/-home-demo-mobile-app",
    },
    {
      "canonicalPath": "/home/demo/api",
      "name": "api",
      "path": "/home/demo/api",
      "sessionCount": 3,
      "source": "claude-code",
      "sourceProjectKey": "-home-demo-orders-api",
      "storagePath": "<repo>/fixtures/claude-home/projects/-home-demo-orders-api",
    },
    {
      "canonicalPath": "/path/to/Demo",
      "name": "Demo",
      "path": "/path/to/Demo",
      "sessionCount": 3,
      "source": "claude-code",
      "sourceProjectKey": "-home-demo-todo-app",
      "storagePath": "<repo>/fixtures/claude-home/projects/-home-demo-todo-app",
    },
  ],
  "sessionRows": [
    {
      "costBreakdownJson": "{"inputTokensUsd":0.0027,"outputTokensUsd":0.0021,"cacheCreationUsd":0,"cacheReadUsd":0}",
      "costConfidence": "estimated",
      "customTitle": "Alert when the ETL pipeline falls behind",
      "filePath": "<repo>/fixtures/claude-home/projects/-home-demo-etl-pipeline/020b34c2-731a-54ea-8f00-43911deec6c3.jsonl",
      "firstUserMessageJson": "{"kind":"text","content":"Alert when the ETL pipeline falls behind"}",
      "ftsRowCount": 3,
      "id": "020b34c2-731a-54ea-8f00-43911deec6c3",
      "messageCount": 3,
      "modelName": "claude-sonnet-4-5",
      "permissionAllowlistJson": null,
      "prLinksJson": null,
      "projectStoragePath": "<repo>/fixtures/claude-home/projects/-home-demo-etl-pipeline",
      "source": "claude-code",
      "sourceSessionKey": "020b34c2-731a-54ea-8f00-43911deec6c3.jsonl",
      "tokenUsageJson": "{"inputTokens":900,"outputTokens":140,"cacheCreationTokens":0,"cacheReadTokens":0}",
      "totalCostUsd": 0.0048000000000000004,
    },
    {
      "costBreakdownJson": "{"inputTokensUsd":0.0036,"outputTokensUsd":0.0027,"cacheCreationUsd":0,"cacheReadUsd":0}",
      "costConfidence": "estimated",
      "customTitle": "Set up nightly backups to the NAS",
      "filePath": "<repo>/fixtures/claude-home/projects/-home-demo-home-lab/021d8a20-9c6e-56e6-9570-7d7c4d88d3e1.jsonl",
      "firstUserMessageJson": "{"kind":"text","content":"Set up nightly backups to the NAS"}",
      "ftsRowCount": 3,
      "id": "021d8a20-9c6e-56e6-9570-7d7c4d88d3e1",
      "messageCount": 3,
      "modelName": "claude-sonnet-4-5",
      "permissionAllowlistJson": null,
      "prLinksJson": null,
      "projectStoragePath": "<repo>/fixtures/claude-home/projects/-home-demo-home-lab",
      "source": "claude-code",
      "sourceSessionKey": "021d8a20-9c6e-56e6-9570-7d7c4d88d3e1.jsonl",
      "tokenUsageJson": "{"inputTokens":1200,"outputTokens":180,"cacheCreationTokens":0,"cacheReadTokens":0}",
      "totalCostUsd": 0.0063,
    },
    {
      "costBreakdownJson": "{"inputTokensUsd":0.0027,"outputTokensUsd":0.0021,"cacheCreationUsd":0,"cacheReadUsd":0}",
      "costConfidence": "estimated",
      "customTitle": "Broken anchor links in the API reference",
      "filePath": "<repo>/fixtures/claude-home/projects/-home-demo-docs-site/0d770e7a-69d9-5de2-8f9a-3eed8c72db16.jsonl",
      "firstUserMessageJson": "{"kind":"text","content":"Broken anchor links in the API reference"}",
      "ftsRowCount": 3,
      "id": "0d770e7a-69d9-5de2-8f9a-3eed8c72db16",
      "messageCount": 3,
      "modelName": "claude-sonnet-4-5",
      "permissionAllowlistJson": null,
      "prLinksJson": null,
      "projectStoragePath": "<repo>/fixtures/claude-home/projects/-home-demo-docs-site",
      "source": "claude-code",
      "sourceSessionKey": "0d770e7a-69d9-5de2-8f9a-3eed8c72db16.jsonl",
      "tokenUsageJson": "{"inputTokens":900,"outputTokens":140,"cacheCreationTokens":0,"cacheReadTokens":0}",
      "totalCostUsd": 0.0048000000000000004,
    },
    {
      "costBreakdownJson": "{"inputTokensUsd":0.000417,"outputTokensUsd":0.018870000000000005,"cacheCreationUsd":0.09759375000000003,"cacheReadUsd":0.0655179}",
      "costConfidence": "estimated",
      "customTitle": null,
      "filePath": "<repo>/fixtures/claude-home/projects/-home-demo-todo-app/1af7fc5e-8455-4414-9ccd-011d40f70b2a.jsonl",
      "firstUserMessageJson": "{"kind":"command","commandName":"/init","commandMessage":"init is analyzing your codebase…"}",
      "ftsRowCount": 5,
      "id": "1af7fc5e-8455-4414-9ccd-011d40f70b2a",
      "messageCount": 29,
      "modelName": "claude-sonnet-4-20250514",
      "permissionAllowlistJson": null,
      "prLinksJson": null,
      "projectStoragePath": "<repo>/fixtures/claude-home/projects/-home-demo-todo-app",
      "source": "claude-code",
      "sourceSessionKey": "1af7fc5e-8455-4414-9ccd-011d40f70b2a.jsonl",
      "tokenUsageJson": "{"inputTokens":139,"outputTokens":1258,"cacheCreationTokens":26025,"cacheReadTokens":218393}",
      "totalCostUsd": 0.18239865000000005,
    },
    {
      "costBreakdownJson": "{"inputTokensUsd":0.0036,"outputTokensUsd":0.0027,"cacheCreationUsd":0,"cacheReadUsd":0}",
      "costConfidence": "estimated",
      "customTitle": "Write contract tests for the payments webhook",
      "filePath": "<repo>/fixtures/claude-home/projects/-home-demo-orders-api/1d374368-1e71-5061-b38c-f8e8f50bee48.jsonl",
      "firstUserMessageJson": "{"kind":"text","content":"Write contract tests for the payments webhook"}",
      "ftsRowCount": 3,
      "id": "1d374368-1e71-5061-b38c-f8e8f50bee48",
      "messageCount": 3,
      "modelName": "claude-sonnet-4-5",
      "permissionAllowlistJson": null,
      "prLinksJson": null,
      "projectStoragePath": "<repo>/fixtures/claude-home/projects/-home-demo-orders-api",
      "source": "claude-code",
      "sourceSessionKey": "1d374368-1e71-5061-b38c-f8e8f50bee48.jsonl",
      "tokenUsageJson": "{"inputTokens":1200,"outputTokens":180,"cacheCreationTokens":0,"cacheReadTokens":0}",
      "totalCostUsd": 0.0063,
    },
    {
      "costBreakdownJson": "{"inputTokensUsd":0.0027,"outputTokensUsd":0.0021,"cacheCreationUsd":0,"cacheReadUsd":0}",
      "costConfidence": "estimated",
      "customTitle": "Add a search box to the docs site",
      "filePath": "<repo>/fixtures/claude-home/projects/-home-demo-docs-site/36281dab-2ac2-5a58-86f5-481c3675274f.jsonl",
      "firstUserMessageJson": "{"kind":"text","content":"Add a search box to the docs site"}",
      "ftsRowCount": 3,
      "id": "36281dab-2ac2-5a58-86f5-481c3675274f",
      "messageCount": 3,
      "modelName": "claude-sonnet-4-5",
      "permissionAllowlistJson": null,
      "prLinksJson": null,
      "projectStoragePath": "<repo>/fixtures/claude-home/projects/-home-demo-docs-site",
      "source": "claude-code",
      "sourceSessionKey": "36281dab-2ac2-5a58-86f5-481c3675274f.jsonl",
      "tokenUsageJson": "{"inputTokens":900,"outputTokens":140,"cacheCreationTokens":0,"cacheReadTokens":0}",
      "totalCostUsd": 0.0048000000000000004,
    },
    {
      "costBreakdownJson": "{"inputTokensUsd":0.0027,"outputTokensUsd":0.0021,"cacheCreationUsd":0,"cacheReadUsd":0}",
      "costConfidence": "estimated",
      "customTitle": "Backfill the customer dimension table",
      "filePath": "<repo>/fixtures/claude-home/projects/-home-demo-etl-pipeline/375e159d-071e-5adc-bdda-3f8b3724cb6e.jsonl",
      "firstUserMessageJson": "{"kind":"text","content":"Backfill the customer dimension table"}",
      "ftsRowCount": 3,
      "id": "375e159d-071e-5adc-bdda-3f8b3724cb6e",
      "messageCount": 3,
      "modelName": "claude-sonnet-4-5",
      "permissionAllowlistJson": null,
      "prLinksJson": null,
      "projectStoragePath": "<repo>/fixtures/claude-home/projects/-home-demo-etl-pipeline",
      "source": "claude-code",
      "sourceSessionKey": "375e159d-071e-5adc-bdda-3f8b3724cb6e.jsonl",
      "tokenUsageJson": "{"inputTokens":900,"outputTokens":140,"cacheCreationTokens":0,"cacheReadTokens":0}",
      "totalCostUsd": 0.0048000000000000004,
    },
    {
      "costBreakdownJson": "{"inputTokensUsd":0.0036,"outputTokensUsd":0.0027,"cacheCreationUsd":0,"cacheReadUsd":0}",
      "costConfidence": "estimated",
      "customTitle": "Add CSV export to the reports page",
      "filePath": "<repo>/fixtures/claude-home/projects/-home-demo-acme-dashboard/3ce5ad03-dc01-5509-8c5a-dbb929836025.jsonl",
      "firstUserMessageJson": "{"kind":"text","content":"Add CSV export to the reports page"}",
      "ftsRowCount": 3,
      "id": "3ce5ad03-dc01-5509-8c5a-dbb929836025",
      "messageCount": 3,
      "modelName": "claude-sonnet-4-5",
      "permissionAllowlistJson": null,
      "prLinksJson": null,
      "projectStoragePath": "<repo>/fixtures/claude-home/projects/-home-demo-acme-dashboard",
      "source": "claude-code",
      "sourceSessionKey": "3ce5ad03-dc01-5509-8c5a-dbb929836025.jsonl",
      "tokenUsageJson": "{"inputTokens":1200,"outputTokens":180,"cacheCreationTokens":0,"cacheReadTokens":0}",
      "totalCostUsd": 0.0063,
    },
    {
      "costBreakdownJson": "{"inputTokensUsd":0.0027,"outputTokensUsd":0.0021,"cacheCreationUsd":0,"cacheReadUsd":0}",
      "costConfidence": "estimated",
      "customTitle": "Nightly ETL job times out on large batches",
      "filePath": "<repo>/fixtures/claude-home/projects/-home-demo-etl-pipeline/48256321-475e-568a-8d98-45eceb9c78e8.jsonl",
      "firstUserMessageJson": "{"kind":"text","content":"Nightly ETL job times out on large batches"}",
      "ftsRowCount": 3,
      "id": "48256321-475e-568a-8d98-45eceb9c78e8",
      "messageCount": 3,
      "modelName": "claude-sonnet-4-5",
      "permissionAllowlistJson": null,
      "prLinksJson": null,
      "projectStoragePath": "<repo>/fixtures/claude-home/projects/-home-demo-etl-pipeline",
      "source": "claude-code",
      "sourceSessionKey": "48256321-475e-568a-8d98-45eceb9c78e8.jsonl",
      "tokenUsageJson": "{"inputTokens":900,"outputTokens":140,"cacheCreationTokens":0,"cacheReadTokens":0}",
      "totalCostUsd": 0.0048000000000000004,
    },
    {
      "costBreakdownJson": "{"inputTokensUsd":0.001131,"outputTokensUsd":0.06076499999999999,"cacheCreationUsd":0.30835874999999996,"cacheReadUsd":0.1297074}",
      "costConfidence": "estimated",
      "customTitle": null,
      "filePath": "<repo>/fixtures/claude-home/projects/-home-demo-todo-app/5c0375b4-57a5-4f26-b12d-d022ee4e51b7.jsonl",
      "firstUserMessageJson": "{"kind":"command","commandName":"/orchestrator","commandArgs":"@CLAUDE.md を最新の状態にアップデートしてください","commandMessage":"orchestrator is running…"}",
      "ftsRowCount": 11,
      "id": "5c0375b4-57a5-4f26-b12d-d022ee4e51b7",
      "messageCount": 53,
      "modelName": "claude-sonnet-4-20250514",
      "permissionAllowlistJson": null,
      "prLinksJson": null,
      "projectStoragePath": "<repo>/fixtures/claude-home/projects/-home-demo-todo-app",
      "source": "claude-code",
      "sourceSessionKey": "5c0375b4-57a5-4f26-b12d-d022ee4e51b7.jsonl",
      "tokenUsageJson": "{"inputTokens":377,"outputTokens":4051,"cacheCreationTokens":82229,"cacheReadTokens":432358}",
      "totalCostUsd": 0.49996215,
    },
    {
      "costBreakdownJson": "{"inputTokensUsd":0.0027,"outputTokensUsd":0.0021,"cacheCreationUsd":0,"cacheReadUsd":0}",
      "costConfidence": "estimated",
      "customTitle": "Push notifications stop after app update",
      "filePath": "<repo>/fixtures/claude-home/projects/-home-demo-mobile-app/699a0a6d-d0d9-559b-84a4-d15559dda4d8.jsonl",
      "firstUserMessageJson": "{"kind":"text","content":"Push notifications stop after app update"}",
      "ftsRowCount": 3,
      "id": "699a0a6d-d0d9-559b-84a4-d15559dda4d8",
      "messageCount": 3,
      "modelName": "claude-sonnet-4-5",
      "permissionAllowlistJson": null,
      "prLinksJson": null,
      "projectStoragePath": "<repo>/fixtures/claude-home/projects/-home-demo-mobile-app",
      "source": "claude-code",
      "sourceSessionKey": "699a0a6d-d0d9-559b-84a4-d15559dda4d8.jsonl",
      "tokenUsageJson": "{"inputTokens":900,"outputTokens":140,"cacheCreationTokens":0,"cacheReadTokens":0}",
      "totalCostUsd": 0.0048000000000000004,
    },
    {
      "costBreakdownJson": "{"inputTokensUsd":0.0036,"outputTokensUsd":0.0027,"cacheCreationUsd":0,"cacheReadUsd":0}",
      "costConfidence": "estimated",
      "customTitle": "Docker build fails on the CI runner",
      "filePath": "<repo>/fixtures/claude-home/projects/-home-demo-infra/6ee55876-8382-5ee8-b4e7-c821184b217c.jsonl",
      "firstUserMessageJson": "{"kind":"text","content":"Docker build fails on the CI runner"}",
      "ftsRowCount": 3,
      "id": "6ee55876-8382-5ee8-b4e7-c821184b217c",
      "messageCount": 3,
      "modelName": "claude-sonnet-4-5",
      "permissionAllowlistJson": null,
      "prLinksJson": null,
      "projectStoragePath": "<repo>/fixtures/claude-home/projects/-home-demo-infra",
      "source": "claude-code",
      "sourceSessionKey": "6ee55876-8382-5ee8-b4e7-c821184b217c.jsonl",
      "tokenUsageJson": "{"inputTokens":1200,"outputTokens":180,"cacheCreationTokens":0,"cacheReadTokens":0}",
      "totalCostUsd": 0.0063,
    },
    {
      "costBreakdownJson": "{"inputTokensUsd":0.0036,"outputTokensUsd":0.0027,"cacheCreationUsd":0,"cacheReadUsd":0}",
      "costConfidence": "estimated",
      "customTitle": "Rotate the deploy keys",
      "filePath": "<repo>/fixtures/claude-home/projects/-home-demo-infra/709fd7a4-da37-59ed-87bd-a374e41ed1be.jsonl",
      "firstUserMessageJson": "{"kind":"text","content":"Rotate the deploy keys"}",
      "ftsRowCount": 3,
      "id": "709fd7a4-da37-59ed-87bd-a374e41ed1be",
      "messageCount": 3,
      "modelName": "claude-sonnet-4-5",
      "permissionAllowlistJson": null,
      "prLinksJson": null,
      "projectStoragePath": "<repo>/fixtures/claude-home/projects/-home-demo-infra",
      "source": "claude-code",
      "sourceSessionKey": "709fd7a4-da37-59ed-87bd-a374e41ed1be.jsonl",
      "tokenUsageJson": "{"inputTokens":1200,"outputTokens":180,"cacheCreationTokens":0,"cacheReadTokens":0}",
      "totalCostUsd": 0.0063,
    },
    {
      "costBreakdownJson": "{"inputTokensUsd":0.0036,"outputTokensUsd":0.0027,"cacheCreationUsd":0,"cacheReadUsd":0}",
      "costConfidence": "estimated",
      "customTitle": "Migrate the dashboard build to Vite",
      "filePath": "<repo>/fixtures/claude-home/projects/-home-demo-acme-dashboard/71e00012-3529-521c-930e-6eb4684e3eb3.jsonl",
      "firstUserMessageJson": "{"kind":"text","content":"Migrate the dashboard build to Vite"}",
      "ftsRowCount": 3,
      "id": "71e00012-3529-521c-930e-6eb4684e3eb3",
      "messageCount": 3,
      "modelName": "claude-sonnet-4-5",
      "permissionAllowlistJson": null,
      "prLinksJson": null,
      "projectStoragePath": "<repo>/fixtures/claude-home/projects/-home-demo-acme-dashboard",
      "source": "claude-code",
      "sourceSessionKey": "71e00012-3529-521c-930e-6eb4684e3eb3.jsonl",
      "tokenUsageJson": "{"inputTokens":1200,"outputTokens":180,"cacheCreationTokens":0,"cacheReadTokens":0}",
      "totalCostUsd": 0.0063,
    },
    {
      "costBreakdownJson": "{"inputTokensUsd":0.0027,"outputTokensUsd":0.0021,"cacheCreationUsd":0,"cacheReadUsd":0}",
      "costConfidence": "estimated",
      "customTitle": "Ship the iOS build to TestFlight",
      "filePath": "<repo>/fixtures/claude-home/projects/-home-demo-mobile-app/77a5765f-9dc5-5079-a272-947cb3a70828.jsonl",
      "firstUserMessageJson": "{"kind":"text","content":"Ship the iOS build to TestFlight"}",
      "ftsRowCount": 3,
      "id": "77a5765f-9dc5-5079-a272-947cb3a70828",
      "messageCount": 3,
      "modelName": "claude-sonnet-4-5",
      "permissionAllowlistJson": null,
      "prLinksJson": null,
      "projectStoragePath": "<repo>/fixtures/claude-home/projects/-home-demo-mobile-app",
      "source": "claude-code",
      "sourceSessionKey": "77a5765f-9dc5-5079-a272-947cb3a70828.jsonl",
      "tokenUsageJson": "{"inputTokens":900,"outputTokens":140,"cacheCreationTokens":0,"cacheReadTokens":0}",
      "totalCostUsd": 0.0048000000000000004,
    },
    {
      "costBreakdownJson": "{"inputTokensUsd":0.0036,"outputTokensUsd":0.0027,"cacheCreationUsd":0,"cacheReadUsd":0}",
      "costConfidence": "estimated",
      "customTitle": "Return 409 instead of 500 on duplicate orders",
      "filePath": "<repo>/fixtures/claude-home/projects/-home-demo-orders-api/9257dcb8-2a4b-57fd-aa94-bf3c6fee5ff1.jsonl",
      "firstUserMessageJson": "{"kind":"text","content":"Return 409 instead of 500 on duplicate orders"}",
      "ftsRowCount": 3,
      "id": "9257dcb8-2a4b-57fd-aa94-bf3c6fee5ff1",
      "messageCount": 3,
      "modelName": "claude-sonnet-4-5",
      "permissionAllowlistJson": null,
      "prLinksJson": null,
      "projectStoragePath": "<repo>/fixtures/claude-home/projects/-home-demo-orders-api",
      "source": "claude-code",
      "sourceSessionKey": "9257dcb8-2a4b-57fd-aa94-bf3c6fee5ff1.jsonl",
      "tokenUsageJson": "{"inputTokens":1200,"outputTokens":180,"cacheCreationTokens":0,"cacheReadTokens":0}",
      "totalCostUsd": 0.0063,
    },
    {
      "costBreakdownJson": "{"inputTokensUsd":0.0036,"outputTokensUsd":0.0027,"cacheCreationUsd":0,"cacheReadUsd":0}",
      "costConfidence": "estimated",
      "customTitle": "Add pagination to the orders endpoint",
      "filePath": "<repo>/fixtures/claude-home/projects/-home-demo-orders-api/a50ac004-d4e4-5b22-800f-a63a50efe564.jsonl",
      "firstUserMessageJson": "{"kind":"text","content":"Add pagination to the orders endpoint"}",
      "ftsRowCount": 3,
      "id": "a50ac004-d4e4-5b22-800f-a63a50efe564",
      "messageCount": 3,
      "modelName": "claude-sonnet-4-5",
      "permissionAllowlistJson": null,
      "prLinksJson": null,
      "projectStoragePath": "<repo>/fixtures/claude-home/projects/-home-demo-orders-api",
      "source": "claude-code",
      "sourceSessionKey": "a50ac004-d4e4-5b22-800f-a63a50efe564.jsonl",
      "tokenUsageJson": "{"inputTokens":1200,"outputTokens":180,"cacheCreationTokens":0,"cacheReadTokens":0}",
      "totalCostUsd": 0.0063,
    },
    {
      "costBreakdownJson": "{"inputTokensUsd":0.0036,"outputTokensUsd":0.0027,"cacheCreationUsd":0,"cacheReadUsd":0}",
      "costConfidence": "estimated",
      "customTitle": "Mount the NAS share on the media server",
      "filePath": "<repo>/fixtures/claude-home/projects/-home-demo-home-lab/a92d1946-6020-5ef6-b05d-13500ce649d3.jsonl",
      "firstUserMessageJson": "{"kind":"text","content":"Mount the NAS share on the media server"}",
      "ftsRowCount": 3,
      "id": "a92d1946-6020-5ef6-b05d-13500ce649d3",
      "messageCount": 3,
      "modelName": "claude-sonnet-4-5",
      "permissionAllowlistJson": null,
      "prLinksJson": null,
      "projectStoragePath": "<repo>/fixtures/claude-home/projects/-home-demo-home-lab",
      "source": "claude-code",
      "sourceSessionKey": "a92d1946-6020-5ef6-b05d-13500ce649d3.jsonl",
      "tokenUsageJson": "{"inputTokens":1200,"outputTokens":180,"cacheCreationTokens":0,"cacheReadTokens":0}",
      "totalCostUsd": 0.0063,
    },
    {
      "costBreakdownJson": "{"inputTokensUsd":0.0036,"outputTokensUsd":0.0027,"cacheCreationUsd":0,"cacheReadUsd":0}",
      "costConfidence": "estimated",
      "customTitle": "Fix chart tooltip clipping on mobile",
      "filePath": "<repo>/fixtures/claude-home/projects/-home-demo-acme-dashboard/b0d70e52-0705-52fd-9d9a-fcfe2a3a55f7.jsonl",
      "firstUserMessageJson": "{"kind":"text","content":"Fix chart tooltip clipping on mobile"}",
      "ftsRowCount": 3,
      "id": "b0d70e52-0705-52fd-9d9a-fcfe2a3a55f7",
      "messageCount": 3,
      "modelName": "claude-sonnet-4-5",
      "permissionAllowlistJson": null,
      "prLinksJson": null,
      "projectStoragePath": "<repo>/fixtures/claude-home/projects/-home-demo-acme-dashboard",
      "source": "claude-code",
      "sourceSessionKey": "b0d70e52-0705-52fd-9d9a-fcfe2a3a55f7.jsonl",
      "tokenUsageJson": "{"inputTokens":1200,"outputTokens":180,"cacheCreationTokens":0,"cacheReadTokens":0}",
      "totalCostUsd": 0.0063,
    },
    {
      "costBreakdownJson": "{"inputTokensUsd":0.0036,"outputTokensUsd":0.0027,"cacheCreationUsd":0,"cacheReadUsd":0}",
      "costConfidence": "estimated",
      "customTitle": "Speed up the dashboard first paint",
      "filePath": "<repo>/fixtures/claude-home/projects/-home-demo-acme-dashboard/cba5f624-1943-5350-9777-8851fb1b18e6.jsonl",
      "firstUserMessageJson": "{"kind":"text","content":"Speed up the dashboard first paint"}",
      "ftsRowCount": 3,
      "id": "cba5f624-1943-5350-9777-8851fb1b18e6",
      "messageCount": 3,
      "modelName": "claude-sonnet-4-5",
      "permissionAllowlistJson": null,
      "prLinksJson": null,
      "projectStoragePath": "<repo>/fixtures/claude-home/projects/-home-demo-acme-dashboard",
      "source": "claude-code",
      "sourceSessionKey": "cba5f624-1943-5350-9777-8851fb1b18e6.jsonl",
      "tokenUsageJson": "{"inputTokens":1200,"outputTokens":180,"cacheCreationTokens":0,"cacheReadTokens":0}",
      "totalCostUsd": 0.0063,
    },
    {
      "costBreakdownJson": "{"inputTokensUsd":0.0027,"outputTokensUsd":0.0021,"cacheCreationUsd":0,"cacheReadUsd":0}",
      "costConfidence": "estimated",
      "customTitle": "Fix keyboard covering the login form",
      "filePath": "<repo>/fixtures/claude-home/projects/-home-demo-mobile-app/f3cab12b-be58-50ef-a67a-a35b77373b9d.jsonl",
      "firstUserMessageJson": "{"kind":"text","content":"Fix keyboard covering the login form"}",
      "ftsRowCount": 3,
      "id": "f3cab12b-be58-50ef-a67a-a35b77373b9d",
      "messageCount": 3,
      "modelName": "claude-sonnet-4-5",
      "permissionAllowlistJson": null,
      "prLinksJson": null,
      "projectStoragePath": "<repo>/fixtures/claude-home/projects/-home-demo-mobile-app",
      "source": "claude-code",
      "sourceSessionKey": "f3cab12b-be58-50ef-a67a-a35b77373b9d.jsonl",
      "tokenUsageJson": "{"inputTokens":900,"outputTokens":140,"cacheCreationTokens":0,"cacheReadTokens":0}",
      "totalCostUsd": 0.0048000000000000004,
    },
    {
      "costBreakdownJson": "{"inputTokensUsd":0.0036,"outputTokensUsd":0.0027,"cacheCreationUsd":0,"cacheReadUsd":0}",
      "costConfidence": "estimated",
      "customTitle": "Router keeps dropping the guest network",
      "filePath": "<repo>/fixtures/claude-home/projects/-home-demo-home-lab/faaffb96-1871-544d-acb6-8843ce30c570.jsonl",
      "firstUserMessageJson": "{"kind":"text","content":"Router keeps dropping the guest network"}",
      "ftsRowCount": 3,
      "id": "faaffb96-1871-544d-acb6-8843ce30c570",
      "messageCount": 3,
      "modelName": "claude-sonnet-4-5",
      "permissionAllowlistJson": null,
      "prLinksJson": null,
      "projectStoragePath": "<repo>/fixtures/claude-home/projects/-home-demo-home-lab",
      "source": "claude-code",
      "sourceSessionKey": "faaffb96-1871-544d-acb6-8843ce30c570.jsonl",
      "tokenUsageJson": "{"inputTokens":1200,"outputTokens":180,"cacheCreationTokens":0,"cacheReadTokens":0}",
      "totalCostUsd": 0.0063,
    },
    {
      "costBreakdownJson": "{"inputTokensUsd":0.003176999999999987,"outputTokensUsd":1.1641800000000007,"cacheCreationUsd":0.8964675000000002,"cacheReadUsd":1.7118786}",
      "costConfidence": "estimated",
      "customTitle": null,
      "filePath": "<repo>/fixtures/claude-home/projects/-home-demo-todo-app/fe5e1c67-53e7-4862-81ae-d0e013e3270b.jsonl",
      "firstUserMessageJson": "{"kind":"command","commandName":"/orchestrator","commandArgs":"create TODO app by Next.js","commandMessage":"orchestrator is running…"}",
      "ftsRowCount": 103,
      "id": "fe5e1c67-53e7-4862-81ae-d0e013e3270b",
      "messageCount": 438,
      "modelName": "claude-sonnet-4-20250514",
      "permissionAllowlistJson": null,
      "prLinksJson": null,
      "projectStoragePath": "<repo>/fixtures/claude-home/projects/-home-demo-todo-app",
      "source": "claude-code",
      "sourceSessionKey": "fe5e1c67-53e7-4862-81ae-d0e013e3270b.jsonl",
      "tokenUsageJson": "{"inputTokens":1059,"outputTokens":77612,"cacheCreationTokens":239058,"cacheReadTokens":5706262}",
      "totalCostUsd": 3.7757031000000008,
    },
  ],
}
`;
